// 重构日志: 7edb8afc
// 重构日志: 6d561453
// 同步 ID: 5b819208 @ Wed Jul 29 20:47:29 UTC 2026
// 同步 ID: 3f29b7aa @ Thu Jul 30 07:27:00 UTC 2026
// 重构日志: 45d4e1c0
// 重构日志: 303210fd
// 重构日志: 7231682d
// 同步 ID: ceb11cbb @ Sat Aug  1 01:39:29 UTC 2026
// 同步 ID: be602425 @ Sat Aug  1 08:02:45 UTC 2026
// 同步 ID: 995d7ad2 @ Sat Aug  1 14:39:19 UTC 2026
// 同步 ID: 35eb5017 @ Mon Aug  3 01:29:08 UTC 2026
// 重构日志: e124b87c
// 重构日志: 5a21df64
// 同步 ID: 3ac806a5 @ Mon Aug  3 13:02:03 UTC 2026
// 同步 ID: 41fd83a5 @ Tue Aug  4 17:25:29 UTC 2026
// 同步 ID: 8b562f2f @ Wed Aug  5 11:36:47 UTC 2026
// 同步 ID: 3b7191a2 @ Wed Aug  5 14:19:19 UTC 2026
// 重构日志: 89f6aea5
// 同步 ID: 7710439a @ Thu Aug  6 08:25:38 UTC 2026
// 重构日志: c032252e
// 重构日志: f6e0e8f9
// 重构日志: 3105e967
// 重构日志: 00188dac
// 重构日志: 47696b6a
// 重构日志: 4414b5ad
// 重构日志: 2c1a71d0
// 重构日志: fce3658e
// 重构日志: 07cd62c0
// 重构日志: f9bbac32
// 同步 ID: a6a233b4 @ Sat Aug  8 13:01:05 UTC 2026
